QUERY 1
2026-06-10 17:05:04.154 | INFO     | __main__:main:24 - Original query size: 216 tokens
2026-06-10 17:05:04.155 | INFO     | __main__:main:25 - The reduced query will be saved to: reductions/antlr4/query_1.sql
2026-06-10 17:05:26.536 | INFO     | __main__:main:37 - Reduced query size: 180 tokens
2026-06-10 17:05:26.536 | INFO     | __main__:main:45 - Token reduction: 16.67%
Time taken: 22.66 seconds
QUERY 2
2026-06-10 17:05:26.803 | INFO     | __main__:main:24 - Original query size: 481 tokens
2026-06-10 17:05:26.803 | INFO     | __main__:main:25 - The reduced query will be saved to: reductions/antlr4/query_2.sql
2026-06-10 17:05:31.870 | INFO     | __main__:main:37 - Reduced query size: 94 tokens
2026-06-10 17:05:31.870 | INFO     | __main__:main:45 - Token reduction: 80.46%
Time taken: 5.34 seconds
QUERY 3
2026-06-10 17:05:32.130 | INFO     | __main__:main:24 - Original query size: 1564 tokens
2026-06-10 17:05:32.130 | INFO     | __main__:main:25 - The reduced query will be saved to: reductions/antlr4/query_3.sql
2026-06-10 17:05:33.711 | INFO     | __main__:main:37 - Reduced query size: 43 tokens
2026-06-10 17:05:33.712 | INFO     | __main__:main:45 - Token reduction: 97.25%
Time taken: 1.83 seconds
QUERY 4
2026-06-10 17:05:33.933 | INFO     | __main__:main:24 - Original query size: 955 tokens
2026-06-10 17:05:33.933 | INFO     | __main__:main:25 - The reduced query will be saved to: reductions/antlr4/query_4.sql
2026-06-10 17:05:40.566 | INFO     | __main__:main:37 - Reduced query size: 115 tokens
2026-06-10 17:05:40.566 | INFO     | __main__:main:45 - Token reduction: 87.96%
Time taken: 6.86 seconds
QUERY 5
2026-06-10 17:05:40.817 | INFO     | __main__:main:24 - Original query size: 68 tokens
2026-06-10 17:05:40.818 | INFO     | __main__:main:25 - The reduced query will be saved to: reductions/antlr4/query_5.sql
2026-06-10 17:05:42.272 | INFO     | __main__:main:37 - Reduced query size: 43 tokens
2026-06-10 17:05:42.272 | INFO     | __main__:main:45 - Token reduction: 36.76%
Time taken: 1.70 seconds
QUERY 6
2026-06-10 17:05:42.531 | INFO     | __main__:main:24 - Original query size: 3810 tokens
2026-06-10 17:05:42.531 | INFO     | __main__:main:25 - The reduced query will be saved to: reductions/antlr4/query_6.sql
2026-06-10 17:05:58.526 | INFO     | __main__:main:37 - Reduced query size: 104 tokens
2026-06-10 17:05:58.526 | INFO     | __main__:main:45 - Token reduction: 97.27%
Time taken: 16.26 seconds
QUERY 7
2026-06-10 17:05:58.787 | INFO     | __main__:main:24 - Original query size: 619 tokens
2026-06-10 17:05:58.787 | INFO     | __main__:main:25 - The reduced query will be saved to: reductions/antlr4/query_7.sql
2026-06-10 17:05:59.335 | INFO     | __main__:main:37 - Reduced query size: 29 tokens
2026-06-10 17:05:59.335 | INFO     | __main__:main:45 - Token reduction: 95.32%
Time taken: 0.80 seconds
QUERY 8
2026-06-10 17:05:59.586 | INFO     | __main__:main:24 - Original query size: 1694 tokens
2026-06-10 17:05:59.586 | INFO     | __main__:main:25 - The reduced query will be saved to: reductions/antlr4/query_8.sql
2026-06-10 17:06:11.034 | INFO     | __main__:main:37 - Reduced query size: 170 tokens
2026-06-10 17:06:11.034 | INFO     | __main__:main:45 - Token reduction: 89.96%
Time taken: 11.72 seconds
QUERY 9
2026-06-10 17:06:11.310 | INFO     | __main__:main:24 - Original query size: 1245 tokens
2026-06-10 17:06:11.310 | INFO     | __main__:main:25 - The reduced query will be saved to: reductions/antlr4/query_9.sql
2026-06-10 17:06:11.681 | INFO     | __main__:main:37 - Reduced query size: 36 tokens
2026-06-10 17:06:11.681 | INFO     | __main__:main:45 - Token reduction: 97.11%
Time taken: 0.63 seconds
QUERY 10
2026-06-10 17:06:11.942 | INFO     | __main__:main:24 - Original query size: 259 tokens
2026-06-10 17:06:11.942 | INFO     | __main__:main:25 - The reduced query will be saved to: reductions/antlr4/query_10.sql
2026-06-10 17:06:13.773 | INFO     | __main__:main:37 - Reduced query size: 48 tokens
2026-06-10 17:06:13.773 | INFO     | __main__:main:45 - Token reduction: 81.47%
Time taken: 2.09 seconds
QUERY 11
2026-06-10 17:06:14.024 | INFO     | __main__:main:24 - Original query size: 114 tokens
2026-06-10 17:06:14.024 | INFO     | __main__:main:25 - The reduced query will be saved to: reductions/antlr4/query_11.sql
2026-06-10 17:06:18.730 | INFO     | __main__:main:37 - Reduced query size: 81 tokens
2026-06-10 17:06:18.730 | INFO     | __main__:main:45 - Token reduction: 28.95%
Time taken: 4.96 seconds
QUERY 12
2026-06-10 17:06:18.994 | INFO     | __main__:main:24 - Original query size: 3818 tokens
2026-06-10 17:06:18.994 | INFO     | __main__:main:25 - The reduced query will be saved to: reductions/antlr4/query_12.sql
2026-06-10 17:06:24.238 | INFO     | __main__:main:37 - Reduced query size: 80 tokens
2026-06-10 17:06:24.239 | INFO     | __main__:main:45 - Token reduction: 97.90%
Time taken: 5.50 seconds
QUERY 13
2026-06-10 17:06:24.492 | INFO     | __main__:main:24 - Original query size: 287 tokens
2026-06-10 17:06:24.492 | INFO     | __main__:main:25 - The reduced query will be saved to: reductions/antlr4/query_13.sql
2026-06-10 17:06:27.530 | INFO     | __main__:main:37 - Reduced query size: 81 tokens
2026-06-10 17:06:27.530 | INFO     | __main__:main:45 - Token reduction: 71.78%
Time taken: 3.29 seconds
QUERY 14
2026-06-10 17:06:27.810 | INFO     | __main__:main:24 - Original query size: 10787 tokens
2026-06-10 17:06:27.810 | INFO     | __main__:main:25 - The reduced query will be saved to: reductions/antlr4/query_14.sql
2026-06-10 17:15:05.004 | INFO     | __main__:main:37 - Reduced query size: 786 tokens
2026-06-10 17:15:05.004 | INFO     | __main__:main:45 - Token reduction: 92.71%
Time taken: 517.50 seconds
QUERY 15
2026-06-10 17:15:05.327 | INFO     | __main__:main:24 - Original query size: 224 tokens
2026-06-10 17:15:05.327 | INFO     | __main__:main:25 - The reduced query will be saved to: reductions/antlr4/query_15.sql
2026-06-10 17:15:11.166 | INFO     | __main__:main:37 - Reduced query size: 105 tokens
2026-06-10 17:15:11.167 | INFO     | __main__:main:45 - Token reduction: 53.12%
Time taken: 6.13 seconds
QUERY 16
2026-06-10 17:15:11.434 | INFO     | __main__:main:24 - Original query size: 5051 tokens
2026-06-10 17:15:11.434 | INFO     | __main__:main:25 - The reduced query will be saved to: reductions/antlr4/query_16.sql
2026-06-10 17:15:38.388 | INFO     | __main__:main:37 - Reduced query size: 138 tokens
2026-06-10 17:15:38.388 | INFO     | __main__:main:45 - Token reduction: 97.27%
Time taken: 27.44 seconds
QUERY 17
2026-06-10 17:15:38.893 | INFO     | __main__:main:24 - Original query size: 10559 tokens
2026-06-10 17:15:38.893 | INFO     | __main__:main:25 - The reduced query will be saved to: reductions/antlr4/query_17.sql
2026-06-10 17:15:39.428 | INFO     | __main__:main:37 - Reduced query size: 291 tokens
2026-06-10 17:15:39.428 | INFO     | __main__:main:45 - Token reduction: 97.24%
Time taken: 0.81 seconds
QUERY 18
2026-06-10 17:15:39.708 | INFO     | __main__:main:24 - Original query size: 209 tokens
2026-06-10 17:15:39.708 | INFO     | __main__:main:25 - The reduced query will be saved to: reductions/antlr4/query_18.sql
2026-06-10 17:16:02.464 | INFO     | __main__:main:37 - Reduced query size: 137 tokens
2026-06-10 17:16:02.464 | INFO     | __main__:main:45 - Token reduction: 34.45%
Time taken: 23.04 seconds
QUERY 19
2026-06-10 17:16:02.724 | INFO     | __main__:main:24 - Original query size: 211 tokens
2026-06-10 17:16:02.724 | INFO     | __main__:main:25 - The reduced query will be saved to: reductions/antlr4/query_19.sql
2026-06-10 17:16:06.342 | INFO     | __main__:main:37 - Reduced query size: 81 tokens
2026-06-10 17:16:06.342 | INFO     | __main__:main:45 - Token reduction: 61.61%
Time taken: 3.88 seconds
QUERY 20
2026-06-10 17:16:06.636 | INFO     | __main__:main:24 - Original query size: 9539 tokens
2026-06-10 17:16:06.637 | INFO     | __main__:main:25 - The reduced query will be saved to: reductions/antlr4/query_20.sql
2026-06-10 17:17:54.546 | INFO     | __main__:main:37 - Reduced query size: 331 tokens
2026-06-10 17:17:54.546 | INFO     | __main__:main:45 - Token reduction: 96.53%
Time taken: 108.20 seconds