QUERY 1
2026-06-09 21:49:55.637 | INFO     | __main__:main:21 - Original query size: 216 tokens
2026-06-09 21:49:55.637 | INFO     | __main__:main:22 - The reduced query will be saved to: reductions/sqlglot/query_1.sql
2026-06-09 21:50:01.969 | INFO     | __main__:main:29 - Reduced query size: 287 tokens
2026-06-09 21:50:01.970 | INFO     | __main__:main:32 - Reduction failed, query size increased: 287 > 216
2026-06-09 21:50:01.970 | INFO     | __main__:main:37 - Compression ratio: 1.0
Time taken: 6.55 seconds
QUERY 2
2026-06-09 21:50:02.183 | INFO     | __main__:main:21 - Original query size: 481 tokens
2026-06-09 21:50:02.183 | INFO     | __main__:main:22 - The reduced query will be saved to: reductions/sqlglot/query_2.sql
2026-06-09 21:50:02.203 | ERROR    | src.reducer:hdd:94 - Error parsing SQL
2026-06-09 21:50:02.217 | INFO     | __main__:main:29 - Reduced query size: 481 tokens
2026-06-09 21:50:02.217 | INFO     | __main__:main:37 - Compression ratio: 1.0
Time taken: 0.24 seconds
QUERY 3
2026-06-09 21:50:02.440 | INFO     | __main__:main:21 - Original query size: 1564 tokens
2026-06-09 21:50:02.440 | INFO     | __main__:main:22 - The reduced query will be saved to: reductions/sqlglot/query_3.sql
2026-06-09 21:50:02.464 | ERROR    | src.reducer:hdd:94 - Error parsing SQL
2026-06-09 21:50:02.481 | INFO     | __main__:main:29 - Reduced query size: 1564 tokens
2026-06-09 21:50:02.481 | INFO     | __main__:main:37 - Compression ratio: 1.0
Time taken: 0.26 seconds
QUERY 4
2026-06-09 21:50:02.699 | INFO     | __main__:main:21 - Original query size: 955 tokens
2026-06-09 21:50:02.699 | INFO     | __main__:main:22 - The reduced query will be saved to: reductions/sqlglot/query_4.sql
2026-06-09 21:50:10.947 | INFO     | __main__:main:29 - Reduced query size: 107 tokens
2026-06-09 21:50:10.947 | INFO     | __main__:main:37 - Compression ratio: 8.925233644859814
Time taken: 8.46 seconds
QUERY 5
2026-06-09 21:50:11.154 | INFO     | __main__:main:21 - Original query size: 68 tokens
2026-06-09 21:50:11.154 | INFO     | __main__:main:22 - The reduced query will be saved to: reductions/sqlglot/query_5.sql
2026-06-09 21:50:11.907 | INFO     | __main__:main:29 - Reduced query size: 68 tokens
2026-06-09 21:50:11.908 | INFO     | __main__:main:37 - Compression ratio: 1.0
Time taken: 0.96 seconds
QUERY 6
2026-06-09 21:50:12.129 | INFO     | __main__:main:21 - Original query size: 3810 tokens
2026-06-09 21:50:12.129 | INFO     | __main__:main:22 - The reduced query will be saved to: reductions/sqlglot/query_6.sql
2026-06-09 21:50:17.387 | INFO     | __main__:main:29 - Reduced query size: 108 tokens
2026-06-09 21:50:17.387 | INFO     | __main__:main:37 - Compression ratio: 35.27777777777778
Time taken: 5.48 seconds
QUERY 7
2026-06-09 21:50:17.606 | INFO     | __main__:main:21 - Original query size: 619 tokens
2026-06-09 21:50:17.606 | INFO     | __main__:main:22 - The reduced query will be saved to: reductions/sqlglot/query_7.sql
2026-06-09 21:50:19.196 | INFO     | __main__:main:29 - Reduced query size: 19 tokens
2026-06-09 21:50:19.196 | INFO     | __main__:main:37 - Compression ratio: 32.578947368421055
Time taken: 1.82 seconds
QUERY 8
2026-06-09 21:50:19.442 | INFO     | __main__:main:21 - Original query size: 1694 tokens
2026-06-09 21:50:19.442 | INFO     | __main__:main:22 - The reduced query will be saved to: reductions/sqlglot/query_8.sql
2026-06-09 21:50:25.378 | INFO     | __main__:main:29 - Reduced query size: 93 tokens
2026-06-09 21:50:25.378 | INFO     | __main__:main:37 - Compression ratio: 18.21505376344086
Time taken: 6.16 seconds
QUERY 9
2026-06-09 21:50:25.590 | INFO     | __main__:main:21 - Original query size: 1245 tokens
2026-06-09 21:50:25.590 | INFO     | __main__:main:22 - The reduced query will be saved to: reductions/sqlglot/query_9.sql
2026-06-09 21:50:25.613 | ERROR    | src.reducer:hdd:94 - Error parsing SQL
2026-06-09 21:50:25.631 | INFO     | __main__:main:29 - Reduced query size: 1245 tokens
2026-06-09 21:50:25.631 | INFO     | __main__:main:37 - Compression ratio: 1.0
Time taken: 0.25 seconds
QUERY 10
2026-06-09 21:50:25.840 | INFO     | __main__:main:21 - Original query size: 259 tokens
2026-06-09 21:50:25.840 | INFO     | __main__:main:22 - The reduced query will be saved to: reductions/sqlglot/query_10.sql
2026-06-09 21:50:25.853 | ERROR    | src.reducer:hdd:94 - Error parsing SQL
2026-06-09 21:50:25.861 | INFO     | __main__:main:29 - Reduced query size: 259 tokens
2026-06-09 21:50:25.861 | INFO     | __main__:main:37 - Compression ratio: 1.0
Time taken: 0.23 seconds
QUERY 11
2026-06-09 21:50:26.073 | INFO     | __main__:main:21 - Original query size: 114 tokens
2026-06-09 21:50:26.074 | INFO     | __main__:main:22 - The reduced query will be saved to: reductions/sqlglot/query_11.sql
2026-06-09 21:50:27.178 | INFO     | __main__:main:29 - Reduced query size: 50 tokens
2026-06-09 21:50:27.179 | INFO     | __main__:main:37 - Compression ratio: 2.28
Time taken: 1.31 seconds
QUERY 12
2026-06-09 21:50:27.408 | INFO     | __main__:main:21 - Original query size: 3818 tokens
2026-06-09 21:50:27.408 | INFO     | __main__:main:22 - The reduced query will be saved to: reductions/sqlglot/query_12.sql
2026-06-09 21:50:27.445 | ERROR    | src.reducer:hdd:94 - Error parsing SQL
2026-06-09 21:50:27.477 | INFO     | __main__:main:29 - Reduced query size: 3818 tokens
2026-06-09 21:50:27.477 | INFO     | __main__:main:37 - Compression ratio: 1.0
Time taken: 0.30 seconds
QUERY 13
2026-06-09 21:50:27.692 | INFO     | __main__:main:21 - Original query size: 287 tokens
2026-06-09 21:50:27.692 | INFO     | __main__:main:22 - The reduced query will be saved to: reductions/sqlglot/query_13.sql
2026-06-09 21:50:31.557 | INFO     | __main__:main:29 - Reduced query size: 38 tokens
2026-06-09 21:50:31.558 | INFO     | __main__:main:37 - Compression ratio: 7.552631578947368
Time taken: 4.08 seconds
QUERY 14
2026-06-09 21:50:31.812 | INFO     | __main__:main:21 - Original query size: 10787 tokens
2026-06-09 21:50:31.812 | INFO     | __main__:main:22 - The reduced query will be saved to: reductions/sqlglot/query_14.sql
2026-06-09 21:50:31.873 | ERROR    | src.reducer:hdd:94 - Error parsing SQL
2026-06-09 21:50:31.921 | INFO     | __main__:main:29 - Reduced query size: 10787 tokens
2026-06-09 21:50:31.922 | INFO     | __main__:main:37 - Compression ratio: 1.0
Time taken: 0.36 seconds
QUERY 15
2026-06-09 21:50:32.134 | INFO     | __main__:main:21 - Original query size: 224 tokens
2026-06-09 21:50:32.134 | INFO     | __main__:main:22 - The reduced query will be saved to: reductions/sqlglot/query_15.sql
2026-06-09 21:50:39.931 | INFO     | __main__:main:29 - Reduced query size: 98 tokens
2026-06-09 21:50:39.931 | INFO     | __main__:main:37 - Compression ratio: 2.2857142857142856
Time taken: 8.01 seconds
QUERY 16
2026-06-09 21:50:40.150 | INFO     | __main__:main:21 - Original query size: 5051 tokens
2026-06-09 21:50:40.150 | INFO     | __main__:main:22 - The reduced query will be saved to: reductions/sqlglot/query_16.sql
2026-06-09 21:50:59.659 | INFO     | __main__:main:29 - Reduced query size: 114 tokens
2026-06-09 21:50:59.659 | INFO     | __main__:main:37 - Compression ratio: 44.30701754385965
Time taken: 19.75 seconds
QUERY 17
2026-06-09 21:50:59.922 | INFO     | __main__:main:21 - Original query size: 10559 tokens
2026-06-09 21:50:59.923 | INFO     | __main__:main:22 - The reduced query will be saved to: reductions/sqlglot/query_17.sql
2026-06-09 21:51:00.008 | ERROR    | src.reducer:hdd:94 - Error parsing SQL
2026-06-09 21:51:00.112 | INFO     | __main__:main:29 - Reduced query size: 10559 tokens
2026-06-09 21:51:00.112 | INFO     | __main__:main:37 - Compression ratio: 1.0
Time taken: 0.43 seconds
QUERY 18
2026-06-09 21:51:00.333 | INFO     | __main__:main:21 - Original query size: 209 tokens
2026-06-09 21:51:00.333 | INFO     | __main__:main:22 - The reduced query will be saved to: reductions/sqlglot/query_18.sql
2026-06-09 21:51:04.283 | INFO     | __main__:main:29 - Reduced query size: 101 tokens
2026-06-09 21:51:04.283 | INFO     | __main__:main:37 - Compression ratio: 2.0693069306930694
Time taken: 4.17 seconds
QUERY 19
2026-06-09 21:51:04.502 | INFO     | __main__:main:21 - Original query size: 211 tokens
2026-06-09 21:51:04.502 | INFO     | __main__:main:22 - The reduced query will be saved to: reductions/sqlglot/query_19.sql
2026-06-09 21:51:07.613 | INFO     | __main__:main:29 - Reduced query size: 81 tokens
2026-06-09 21:51:07.613 | INFO     | __main__:main:37 - Compression ratio: 2.6049382716049383
Time taken: 3.32 seconds
QUERY 20
2026-06-09 21:51:07.856 | INFO     | __main__:main:21 - Original query size: 9539 tokens
2026-06-09 21:51:07.856 | INFO     | __main__:main:22 - The reduced query will be saved to: reductions/sqlglot/query_20.sql
2026-06-09 21:51:16.555 | INFO     | __main__:main:29 - Reduced query size: 109 tokens
2026-06-09 21:51:16.556 | INFO     | __main__:main:37 - Compression ratio: 87.5137614678899
Time taken: 8.95 seconds