2026-05-09 16:51:04.824 | ERROR    | src.fuzzer:report_execution_result:106 - Execution result with status LOGICAL_BUG!
Description:
Patched output:
1|100
1|101
2|6.64385618977473
2|6.65821148275179
Original output:
1|100
1|101
2|6.64385618977472
2|6.65821148275179
Query: ID None
PRAGMA foreign_keys = ON;
CREATE TABLE t1 (x INTEGER PRIMARY KEY);
INSERT INTO t1 VALUES (100);
INSERT INTO t1 VALUES (101);
CREATE TABLE t2 (y INTEGER REFERENCES t1 (x));
INSERT INTO t2 VALUES (100);
INSERT INTO t2 VALUES (101);
SELECT 1, x FROM t1;
SELECT 2, LOG(2, y) FROM t2;